[00:00] Crash dump logging enabled: /logs/TRELLIS2-2029/dev/linux-gpu/crash_dump.log
[00:00] 
[00:00] [1/3] SYNTAX
[00:00] ----------------------------------------
[00:00] 
[DEBUG] server=None, server_url=None, api=None
[00:00] Found pyproject.toml (modern format)
[00:00] Found requirements.txt (legacy format)
[00:00] Unicode check: OK (all characters cp1252-safe)
[00:00] Forbidden patterns check: OK
[00:00] [SYNTAX] PASSED
[00:00] 
[00:00] [2/3] INSTALL
[00:00] ----------------------------------------
[00:00] 
[DEBUG] server=None, server_url=None, api=None
[00:00] 
Setting up ComfyUI...
[00:00] Creating virtual environment...
[00:00] Running: uv venv /workspaces/TRELLIS2-2029/.venv --python 3.10
[00:00] Cloning ComfyUI (latest)...
[00:00] Running: git clone --depth 1 https://github.com/comfyanonymous/ComfyUI.git /workspaces/TRELLIS2-2029/ComfyUI
[00:01] Installing ComfyUI requirements...
[00:01] Running: uv pip install --python /workspaces/TRELLIS2-2029/.venv/bin/python --index-url https://download.pytorch.org/whl/cu128 --extra-index-url https://pypi.org/simple --index-strategy unsafe-best-match -r /workspaces/TRELLIS2-2029/ComfyUI/requirements.txt
[01:46] 
Installing custom node...
[01:46] Copying ComfyUI-TRELLIS2 to custom_nodes/...
[01:46] Installing node requirements...
[01:46] Running: uv pip install --python /workspaces/TRELLIS2-2029/.venv/bin/python --index-url https://download.pytorch.org/whl/cu128 --extra-index-url https://pypi.org/simple --index-strategy unsafe-best-match -r /workspaces/TRELLIS2-2029/ComfyUI/custom_nodes/ComfyUI-TRELLIS2/requirements.txt
[01:49] 
Running install.py...
[01:49] Running: /workspaces/TRELLIS2-2029/.venv/bin/python /workspaces/TRELLIS2-2029/ComfyUI/custom_nodes/ComfyUI-TRELLIS2/install.py
[01:49]   
[01:49]   Installing 1 node dependencies...
[01:49]     Cloning ComfyUI-GeometryPack...
[01:54]     Installing requirements for ComfyUI-GeometryPack...
[01:54]     Running install.py for ComfyUI-GeometryPack...
[01:56]   [comfy-env] _discover: scanning /workspaces/TRELLIS2-2029/ComfyUI/custom_nodes
[01:56]   [comfy-env] _discover: ComfyUI-GeometryPack -> geometrypack-nodes (custom_nodes/ComfyUI-GeometryPack/nodes/comfy-env.toml)
[01:56]   [comfy-env] _discover: ComfyUI-TRELLIS2 -> trellis2-nodes (custom_nodes/ComfyUI-TRELLIS2/nodes/comfy-env.toml)
[01:56]   [comfy-env] Workspace: /workspaces/TRELLIS2-2029/ComfyUI/.ce
[01:56]   [comfy-env] ComfyUI: /workspaces/TRELLIS2-2029/ComfyUI
[01:56]   [comfy-env] Found 2 node config(s):
[01:56]     - geometrypack-nodes <- custom_nodes/ComfyUI-GeometryPack/nodes/comfy-env.toml (python=host)
[01:56]     - trellis2-nodes <- custom_nodes/ComfyUI-TRELLIS2/nodes/comfy-env.toml (python=host)
[01:56]   [comfy-env] Bootstrap interpreter has python 3.10 + torch 2.11.0 (cu128). Looking for cuda-only wheels matching cu128/torch2.11/cp310.
[01:57]   [comfy-env] GPU: Detection: smi
[01:57]   Driver: 580.126.20
[01:57]   CUDA: 13.0
[01:57]   Recommended: CUDA 13.0
[01:57]   
[01:57]     GPU 0: NVIDIA GeForce RTX 3090 (sm_86) [Ampere] 24576MB
[01:57]   [comfy-env] Comfyui feature -> torch 2.11.0 from https://download.pytorch.org/whl/cu128 (CUDA 12.8 via bootstrap torch)
[01:57]   [comfy-env] cuda-wheels: 7 package(s) need a matched (cuda, torch, python) combo: ['cumesh', 'flex_gemm_ap', 'cumesh_vb', 'o_voxel_vb_ap', 'flash-attn', 'sageattention', 'drtk']
[01:57]   [comfy-env] cuda-wheels tier 1 (bootstrap): probing cu12.8/torch2.11/cp310
[01:57]   [cuda-wheels] Looking up cumesh: cu128 torch2.11 cp310 manylinux linux
[01:57]   [cuda-wheels]   Found: cumesh-0.0.1+cu128torch2.11-cp310-cp310-manylinux_2_35_x86_64.whl
[01:57]   [cuda-wheels] Looking up flex_gemm_ap: cu128 torch2.11 cp310 manylinux linux
[01:57]   [cuda-wheels]   https://pozzettiandrea.github.io/cuda-wheels/v2/flex_gemm_ap/: HTTPError: HTTP Error 404: Not Found
[01:57]   [cuda-wheels]   Found: flex_gemm_ap-1.0.0+cu128torch2.11-cp310-cp310-manylinux_2_34_x86_64.manylinux_2_35_x86_64.whl
[01:57]   [cuda-wheels] Looking up cumesh_vb: cu128 torch2.11 cp310 manylinux linux
[01:57]   [cuda-wheels]   https://pozzettiandrea.github.io/cuda-wheels/v2/cumesh_vb/: HTTPError: HTTP Error 404: Not Found
[01:57]   [cuda-wheels]   Found: cumesh_vb-1.0+cu128torch2.11-cp310-cp310-manylinux_2_35_x86_64.whl
[01:57]   [cuda-wheels] Looking up o_voxel_vb_ap: cu128 torch2.11 cp310 manylinux linux
[01:57]   [cuda-wheels]   https://pozzettiandrea.github.io/cuda-wheels/v2/o_voxel_vb_ap/: HTTPError: HTTP Error 404: Not Found
[01:58]   [cuda-wheels]   Found: o_voxel_vb_ap-0.0.1+cu128torch2.11-cp310-cp310-manylinux_2_34_x86_64.manylinux_2_35_x86_64.whl
[01:58]   [cuda-wheels] Looking up flash-attn: cu128 torch2.11 cp310 manylinux linux
[01:58]   [cuda-wheels]   https://pozzettiandrea.github.io/cuda-wheels/v2/flash_attn/: HTTPError: HTTP Error 404: Not Found
[01:58]   [cuda-wheels]   Found: flash_attn-2.8.3+cu128torch2.11-cp310-cp310-manylinux_2_34_x86_64.manylinux_2_35_x86_64.whl
[01:58]   [cuda-wheels] Looking up sageattention: cu128 torch2.11 cp310 manylinux linux
[01:58]   [cuda-wheels]   Found: sageattention-2.2.0+cu128torch2.11-cp310-cp310-manylinux_2_34_x86_64.manylinux_2_35_x86_64.whl
[01:58]   [cuda-wheels] Looking up drtk: cu128 torch2.11 cp310 manylinux linux
[01:58]   [cuda-wheels]   Found: drtk-0.1.0+cu128torch2.11-cp310-cp310-manylinux_2_34_x86_64.manylinux_2_35_x86_64.whl
[01:58]   [comfy-env] cuda-wheels combo: cu12.8/torch2.11 (bootstrap matches; per-node envs will pin to this)
[01:58]   [comfy-env] Root conda deps from ComfyUI-GeometryPack: ['av', 'ffmpeg']
[01:58]   [comfy-env] Comfyui feature pin: torch ==2.11.0, torchvision ==0.26.*, torchaudio ==2.11.*
[01:58]   [comfy-env] Host glibc 2.35 -> system-requirements
[01:58]   [comfy-env] Root conda deps (comfyui env only): ['av', 'ffmpeg']
[01:58]   [comfy-env] comfyui env: python 3.10, torch from https://download.pytorch.org/whl/cu128
[01:58]   [cuda-wheels] Looking up cumesh: cu128 torch2.11 cp310 manylinux linux
[01:58]   [cuda-wheels]   Found: cumesh-0.0.1+cu128torch2.11-cp310-cp310-manylinux_2_35_x86_64.whl
[01:58]   [comfy-env] geometrypack-nodes: cuda-wheels deferred for post-pixi install (cumesh)
[01:58]   [cuda-wheels] Looking up flex_gemm_ap: cu128 torch2.11 cp310 manylinux linux
[01:58]   [cuda-wheels]   https://pozzettiandrea.github.io/cuda-wheels/v2/flex_gemm_ap/: HTTPError: HTTP Error 404: Not Found
[01:58]   [cuda-wheels]   Found: flex_gemm_ap-1.0.0+cu128torch2.11-cp310-cp310-manylinux_2_34_x86_64.manylinux_2_35_x86_64.whl
[01:58]   [cuda-wheels] Looking up cumesh_vb: cu128 torch2.11 cp310 manylinux linux
[01:58]   [cuda-wheels]   https://pozzettiandrea.github.io/cuda-wheels/v2/cumesh_vb/: HTTPError: HTTP Error 404: Not Found
[01:58]   [cuda-wheels]   Found: cumesh_vb-1.0+cu128torch2.11-cp310-cp310-manylinux_2_35_x86_64.whl
[01:58]   [cuda-wheels] Looking up o_voxel_vb_ap: cu128 torch2.11 cp310 manylinux linux
[01:58]   [cuda-wheels]   https://pozzettiandrea.github.io/cuda-wheels/v2/o_voxel_vb_ap/: HTTPError: HTTP Error 404: Not Found
[01:58]   [cuda-wheels]   Found: o_voxel_vb_ap-0.0.1+cu128torch2.11-cp310-cp310-manylinux_2_34_x86_64.manylinux_2_35_x86_64.whl
[01:58]   [cuda-wheels] Looking up flash-attn: cu128 torch2.11 cp310 manylinux linux
[01:59]   [cuda-wheels]   https://pozzettiandrea.github.io/cuda-wheels/v2/flash_attn/: HTTPError: HTTP Error 404: Not Found
[01:59]   [cuda-wheels]   Found: flash_attn-2.8.3+cu128torch2.11-cp310-cp310-manylinux_2_34_x86_64.manylinux_2_35_x86_64.whl
[01:59]   [cuda-wheels] Looking up sageattention: cu128 torch2.11 cp310 manylinux linux
[01:59]   [cuda-wheels]   Found: sageattention-2.2.0+cu128torch2.11-cp310-cp310-manylinux_2_34_x86_64.manylinux_2_35_x86_64.whl
[01:59]   [cuda-wheels] Looking up drtk: cu128 torch2.11 cp310 manylinux linux
[01:59]   [cuda-wheels]   Found: drtk-0.1.0+cu128torch2.11-cp310-cp310-manylinux_2_34_x86_64.manylinux_2_35_x86_64.whl
[01:59]   [comfy-env] trellis2-nodes: cuda-wheels deferred for post-pixi install (flex_gemm_ap, cumesh_vb, o_voxel_vb_ap, flash-attn, sageattention, drtk)
[01:59]   Generated /workspaces/TRELLIS2-2029/ComfyUI/.ce/pixi.toml
[01:59]   [comfy-env] Installing 2 environment(s):
[01:59]     - geometrypack-nodes (python=host, 13 pypi deps, 1 cuda wheels)
[01:59]     - trellis2-nodes (python=host, 17 pypi deps, 6 cuda wheels)
[01:59]   [comfy-env] Running `pixi install --all`...
[02:11]      WARN Skipped running the post-link scripts because `run-post-link-scripts` = `false`
[02:11]     	- bin/.librsvg-pre-unlink.sh
[02:11]     To enable them, run:
[02:11]     	pixi config set --local run-post-link-scripts insecure
[02:11]     More info:
[02:11]     	https://pixi.sh/latest/reference/pixi_configuration/#run-post-link-scripts
[02:28]      WARN Skipped running the post-link scripts because `run-post-link-scripts` = `false`
[02:28]     	- bin/.librsvg-pre-unlink.sh
[02:28]     To enable them, run:
[02:28]     	pixi config set --local run-post-link-scripts insecure
[02:28]     More info:
[02:28]     	https://pixi.sh/latest/reference/pixi_configuration/#run-post-link-scripts
[02:29]      WARN Skipped running the post-link scripts because `run-post-link-scripts` = `false`
[02:29]     	- bin/.librsvg-pre-unlink.sh
[02:29]     To enable them, run:
[02:29]     	pixi config set --local run-post-link-scripts insecure
[02:29]     More info:
[02:29]     	https://pixi.sh/latest/reference/pixi_configuration/#run-post-link-scripts
[03:40]     The following environments have been installed: default, comfyui, geometrypack-nodes, trellis2-nodes.
[03:40]   [comfy-env] Note: env `default` is on disk but no node declares it in this run. Leaving as-is. Remove via `pixi clean --environment default` if intended.
[03:40]   [comfy-env] geometrypack-nodes: installing cuda-wheels with --no-deps (cumesh)
[03:40]     Using Python 3.10.20 environment at: .pixi/envs/geometrypack-nodes
[03:41]     Resolved 1 package in 1.06s
[03:41]     Downloading cumesh (19.5MiB)
[03:41]      Downloaded cumesh
[03:41]     Prepared 1 package in 452ms
[03:41]     Installed 1 package in 9ms
[03:42]      + cumesh==0.0.1+cu128torch2.11 (from https://github.com/PozzettiAndrea/cuda-wheels/releases/download/cumesh-latest/cumesh-0.0.1%2Bcu128torch2.11-cp310-cp310-manylinux_2_35_x86_64.whl)
[03:42]   [comfy-env] trellis2-nodes: installing cuda-wheels with --no-deps (flex_gemm_ap, cumesh_vb, o_voxel_vb_ap, flash-attn, sageattention, drtk)
[03:42]     Using Python 3.10.20 environment at: .pixi/envs/trellis2-nodes
[03:45]     Resolved 6 packages in 3.82s
[03:46]     Downloading flash-attn (242.2MiB)
[03:46]     Downloading cumesh-vb (19.5MiB)
[03:46]     Downloading flex-gemm-ap (3.5MiB)
[03:46]     Downloading drtk (36.2MiB)
[03:46]     Downloading sageattention (53.1MiB)
[03:46]     Downloading o-voxel-vb-ap (17.9MiB)
[03:46]      Downloaded flex-gemm-ap
[03:47]      Downloaded o-voxel-vb-ap
[03:48]      Downloaded cumesh-vb
[03:48]      Downloaded drtk
[03:49]      Downloaded sageattention
[03:53]      Downloaded flash-attn
[03:53]     Prepared 6 packages in 7.89s
[03:53]     Installed 6 packages in 10ms
[03:53]      + cumesh-vb==1.0+cu128torch2.11 (from https://github.com/PozzettiAndrea/cuda-wheels/releases/download/cumesh_vb-latest/cumesh_vb-1.0%2Bcu128torch2.11-cp310-cp310-manylinux_2_35_x86_64.whl)
[03:53]      + drtk==0.1.0+cu128torch2.11 (from https://github.com/PozzettiAndrea/cuda-wheels/releases/download/drtk-latest/drtk-0.1.0%2Bcu128torch2.11-cp310-cp310-manylinux_2_34_x86_64.manylinux_2_35_x86_64.whl)
[03:53]      + flash-attn==2.8.3+cu128torch2.11 (from https://github.com/PozzettiAndrea/cuda-wheels/releases/download/flash_attn-latest/flash_attn-2.8.3%2Bcu128torch2.11-cp310-cp310-manylinux_2_34_x86_64.manylinux_2_35_x86_64.whl)
[03:53]      + flex-gemm-ap==1.0.0+cu128torch2.11 (from https://github.com/PozzettiAndrea/cuda-wheels/releases/download/flex_gemm_ap-latest/flex_gemm_ap-1.0.0%2Bcu128torch2.11-cp310-cp310-manylinux_2_34_x86_64.manylinux_2_35_x86_64.whl)
[03:53]      + o-voxel-vb-ap==0.0.1+cu128torch2.11 (from https://github.com/PozzettiAndrea/cuda-wheels/releases/download/o_voxel_vb_ap-latest/o_voxel_vb_ap-0.0.1%2Bcu128torch2.11-cp310-cp310-manylinux_2_34_x86_64.manylinux_2_35_x86_64.whl)
[03:53]      + sageattention==2.2.0+cu128torch2.11 (from https://github.com/PozzettiAndrea/cuda-wheels/releases/download/sageattention-latest/sageattention-2.2.0%2Bcu128torch2.11-cp310-cp310-manylinux_2_34_x86_64.manylinux_2_35_x86_64.whl)
[03:53]   [comfy-env] Install log: /workspaces/TRELLIS2-2029/ComfyUI/.ce/install.log
[03:53]   
[03:53]   Installation complete!
[03:53]   
[03:53]   [requirements] Re-installing main package requirements...
[03:53]     Installing requirements for ComfyUI-TRELLIS2...
[03:53]   [comfy-env] _discover: scanning /workspaces/TRELLIS2-2029/ComfyUI/custom_nodes
[03:53]   [comfy-env] _discover: ComfyUI-GeometryPack -> geometrypack-nodes (custom_nodes/ComfyUI-GeometryPack/nodes/comfy-env.toml)
[03:53]   [comfy-env] _discover: ComfyUI-TRELLIS2 -> trellis2-nodes (custom_nodes/ComfyUI-TRELLIS2/nodes/comfy-env.toml)
[03:53]   [comfy-env] Workspace: /workspaces/TRELLIS2-2029/ComfyUI/.ce
[03:53]   [comfy-env] ComfyUI: /workspaces/TRELLIS2-2029/ComfyUI
[03:54]   [comfy-env] Found 2 node config(s):
[03:54]     - geometrypack-nodes <- custom_nodes/ComfyUI-GeometryPack/nodes/comfy-env.toml (python=host)
[03:54]     - trellis2-nodes <- custom_nodes/ComfyUI-TRELLIS2/nodes/comfy-env.toml (python=host)
[03:54]   [comfy-env] Bootstrap interpreter has python 3.10 + torch 2.11.0 (cu128). Looking for cuda-only wheels matching cu128/torch2.11/cp310.
[03:54]   [comfy-env] GPU: Detection: smi
[03:54]   Driver: 580.126.20
[03:54]   CUDA: 13.0
[03:54]   Recommended: CUDA 13.0
[03:54]   
[03:54]     GPU 0: NVIDIA GeForce RTX 3090 (sm_86) [Ampere] 24576MB
[03:54]   [comfy-env] Comfyui feature -> torch 2.11.0 from https://download.pytorch.org/whl/cu128 (CUDA 12.8 via bootstrap torch)
[03:54]   [comfy-env] cuda-wheels: 7 package(s) need a matched (cuda, torch, python) combo: ['cumesh', 'flex_gemm_ap', 'cumesh_vb', 'o_voxel_vb_ap', 'flash-attn', 'sageattention', 'drtk']
[03:54]   [comfy-env] cuda-wheels tier 1 (bootstrap): probing cu12.8/torch2.11/cp310
[03:54]   [cuda-wheels] Looking up cumesh: cu128 torch2.11 cp310 manylinux linux
[03:54]   [cuda-wheels]   Found: cumesh-0.0.1+cu128torch2.11-cp310-cp310-manylinux_2_35_x86_64.whl
[03:54]   [cuda-wheels] Looking up flex_gemm_ap: cu128 torch2.11 cp310 manylinux linux
[03:54]   [cuda-wheels]   https://pozzettiandrea.github.io/cuda-wheels/v2/flex_gemm_ap/: HTTPError: HTTP Error 404: Not Found
[03:54]   [cuda-wheels]   Found: flex_gemm_ap-1.0.0+cu128torch2.11-cp310-cp310-manylinux_2_34_x86_64.manylinux_2_35_x86_64.whl
[03:54]   [cuda-wheels] Looking up cumesh_vb: cu128 torch2.11 cp310 manylinux linux
[03:54]   [cuda-wheels]   https://pozzettiandrea.github.io/cuda-wheels/v2/cumesh_vb/: HTTPError: HTTP Error 404: Not Found
[03:55]   [cuda-wheels]   Found: cumesh_vb-1.0+cu128torch2.11-cp310-cp310-manylinux_2_35_x86_64.whl
[03:55]   [cuda-wheels] Looking up o_voxel_vb_ap: cu128 torch2.11 cp310 manylinux linux
[03:55]   [cuda-wheels]   https://pozzettiandrea.github.io/cuda-wheels/v2/o_voxel_vb_ap/: HTTPError: HTTP Error 404: Not Found
[03:55]   [cuda-wheels]   Found: o_voxel_vb_ap-0.0.1+cu128torch2.11-cp310-cp310-manylinux_2_34_x86_64.manylinux_2_35_x86_64.whl
[03:55]   [cuda-wheels] Looking up flash-attn: cu128 torch2.11 cp310 manylinux linux
[03:55]   [cuda-wheels]   https://pozzettiandrea.github.io/cuda-wheels/v2/flash_attn/: HTTPError: HTTP Error 404: Not Found
[03:55]   [cuda-wheels]   Found: flash_attn-2.8.3+cu128torch2.11-cp310-cp310-manylinux_2_34_x86_64.manylinux_2_35_x86_64.whl
[03:55]   [cuda-wheels] Looking up sageattention: cu128 torch2.11 cp310 manylinux linux
[03:55]   [cuda-wheels]   Found: sageattention-2.2.0+cu128torch2.11-cp310-cp310-manylinux_2_34_x86_64.manylinux_2_35_x86_64.whl
[03:55]   [cuda-wheels] Looking up drtk: cu128 torch2.11 cp310 manylinux linux
[03:56]   [cuda-wheels]   Found: drtk-0.1.0+cu128torch2.11-cp310-cp310-manylinux_2_34_x86_64.manylinux_2_35_x86_64.whl
[03:56]   [comfy-env] cuda-wheels combo: cu12.8/torch2.11 (bootstrap matches; per-node envs will pin to this)
[03:56]   [comfy-env] Root conda deps from ComfyUI-GeometryPack: ['av', 'ffmpeg']
[03:56]   [comfy-env] Comfyui feature pin: torch ==2.11.0, torchvision ==0.26.*, torchaudio ==2.11.*
[03:56]   [comfy-env] Host glibc 2.35 -> system-requirements
[03:56]   [comfy-env] Root conda deps (comfyui env only): ['av', 'ffmpeg']
[03:56]   [comfy-env] comfyui env: python 3.10, torch from https://download.pytorch.org/whl/cu128
[03:56]   [cuda-wheels] Looking up cumesh: cu128 torch2.11 cp310 manylinux linux
[03:56]   [cuda-wheels]   Found: cumesh-0.0.1+cu128torch2.11-cp310-cp310-manylinux_2_35_x86_64.whl
[03:56]   [comfy-env] geometrypack-nodes: cuda-wheels deferred for post-pixi install (cumesh)
[03:56]   [cuda-wheels] Looking up flex_gemm_ap: cu128 torch2.11 cp310 manylinux linux
[03:56]   [cuda-wheels]   https://pozzettiandrea.github.io/cuda-wheels/v2/flex_gemm_ap/: HTTPError: HTTP Error 404: Not Found
[03:56]   [cuda-wheels]   Found: flex_gemm_ap-1.0.0+cu128torch2.11-cp310-cp310-manylinux_2_34_x86_64.manylinux_2_35_x86_64.whl
[03:56]   [cuda-wheels] Looking up cumesh_vb: cu128 torch2.11 cp310 manylinux linux
[03:56]   [cuda-wheels]   https://pozzettiandrea.github.io/cuda-wheels/v2/cumesh_vb/: HTTPError: HTTP Error 404: Not Found
[03:56]   [cuda-wheels]   Found: cumesh_vb-1.0+cu128torch2.11-cp310-cp310-manylinux_2_35_x86_64.whl
[03:56]   [cuda-wheels] Looking up o_voxel_vb_ap: cu128 torch2.11 cp310 manylinux linux
[03:56]   [cuda-wheels]   https://pozzettiandrea.github.io/cuda-wheels/v2/o_voxel_vb_ap/: HTTPError: HTTP Error 404: Not Found
[03:56]   [cuda-wheels]   Found: o_voxel_vb_ap-0.0.1+cu128torch2.11-cp310-cp310-manylinux_2_34_x86_64.manylinux_2_35_x86_64.whl
[03:56]   [cuda-wheels] Looking up flash-attn: cu128 torch2.11 cp310 manylinux linux
[03:56]   [cuda-wheels]   https://pozzettiandrea.github.io/cuda-wheels/v2/flash_attn/: HTTPError: HTTP Error 404: Not Found
[03:56]   [cuda-wheels]   Found: flash_attn-2.8.3+cu128torch2.11-cp310-cp310-manylinux_2_34_x86_64.manylinux_2_35_x86_64.whl
[03:56]   [cuda-wheels] Looking up sageattention: cu128 torch2.11 cp310 manylinux linux
[03:56]   [cuda-wheels]   Found: sageattention-2.2.0+cu128torch2.11-cp310-cp310-manylinux_2_34_x86_64.manylinux_2_35_x86_64.whl
[03:56]   [cuda-wheels] Looking up drtk: cu128 torch2.11 cp310 manylinux linux
[03:56]   [cuda-wheels]   Found: drtk-0.1.0+cu128torch2.11-cp310-cp310-manylinux_2_34_x86_64.manylinux_2_35_x86_64.whl
[03:56]   [comfy-env] trellis2-nodes: cuda-wheels deferred for post-pixi install (flex_gemm_ap, cumesh_vb, o_voxel_vb_ap, flash-attn, sageattention, drtk)
[03:56]   Generated /workspaces/TRELLIS2-2029/ComfyUI/.ce/pixi.toml
[03:56]   [comfy-env] Installing 2 environment(s):
[03:56]     - geometrypack-nodes (python=host, 13 pypi deps, 1 cuda wheels)
[03:56]     - trellis2-nodes (python=host, 17 pypi deps, 6 cuda wheels)
[03:56]   [comfy-env] Running `pixi install --all`...
[03:56]     The following environments have been installed: default, comfyui, geometrypack-nodes, trellis2-nodes.
[03:56]   [comfy-env] Note: env `default` is on disk but no node declares it in this run. Leaving as-is. Remove via `pixi clean --environment default` if intended.
[03:56]   [comfy-env] geometrypack-nodes: installing cuda-wheels with --no-deps (cumesh)
[03:57]     Using Python 3.10.20 environment at: .pixi/envs/geometrypack-nodes
[03:57]     Checked 1 package in 146ms
[03:57]   [comfy-env] trellis2-nodes: installing cuda-wheels with --no-deps (flex_gemm_ap, cumesh_vb, o_voxel_vb_ap, flash-attn, sageattention, drtk)
[03:57]     Using Python 3.10.20 environment at: .pixi/envs/trellis2-nodes
[04:00]     Resolved 6 packages in 3.11s
[04:00]     Checked 6 packages in 0.50ms
[04:00]   [comfy-env] Install log: /workspaces/TRELLIS2-2029/ComfyUI/.ce/install.log
[04:00]   
[04:00]   Installation complete!
[04:00] Installing 1 node dependency(ies)...
[04:00]   ComfyUI-GeometryPack from PozzettiAndrea/ComfyUI-GeometryPack
[04:00]   ComfyUI-GeometryPack already exists, skipping...
[04:00] Installing validation endpoint...
[04:00]   Cloning PozzettiAndrea/ComfyUI-validate-endpoint...
[04:00] Running: git clone --depth 1 https://github.com/PozzettiAndrea/ComfyUI-validate-endpoint.git /workspaces/TRELLIS2-2029/ComfyUI/custom_nodes/ComfyUI-validate-endpoint
[04:01] CUDA packages installed (no mock): flex_gemm_ap, cumesh_vb, o_voxel_vb_ap, flash_attn, sageattention, drtk
[04:01] [INSTALL] PASSED
[04:01] 
[04:01] [3/3] EXECUTION
[04:01] ----------------------------------------
[04:01] 
[DEBUG] server=None, server_url=None, api=None
[04:01] Starting ComfyUI server...
[04:01] Starting ComfyUI server on port 41880...
[04:01] Starting ComfyUI server on port 41880...
[04:01] Waiting for server to be ready (timeout: 600s)...
[04:02]   [ComfyUI] setup plugin alembic.autogenerate.schemas
[04:02]   [ComfyUI] setup plugin alembic.autogenerate.tables
[04:02]   [ComfyUI] setup plugin alembic.autogenerate.types
[04:02]   [ComfyUI] setup plugin alembic.autogenerate.constraints
[04:02]   [ComfyUI] setup plugin alembic.autogenerate.defaults
[04:02]   [ComfyUI] setup plugin alembic.autogenerate.comments
[04:02]   [ComfyUI] [comfy-env] ComfyUI-GeometryPack: 1 isolation env(s):
[04:02]   [ComfyUI] [comfy-env]   nodes -> /workspaces/TRELLIS2-2029/ComfyUI/custom_nodes/ComfyUI-GeometryPack/nodes
[04:02]   [ComfyUI] [comfy-env] prestartup complete
[04:02]   [ComfyUI] [comfy-env] ComfyUI-TRELLIS2: 1 isolation env(s):
[04:02]   [ComfyUI] [comfy-env]   nodes -> /workspaces/TRELLIS2-2029/ComfyUI/custom_nodes/ComfyUI-TRELLIS2/nodes
[04:02]   [ComfyUI] [comfy-env] prestartup complete
[04:02]   [ComfyUI] 
[04:02]   [ComfyUI] Prestartup times for custom nodes:
[04:02]   [ComfyUI]    0.0 seconds: /workspaces/TRELLIS2-2029/ComfyUI/custom_nodes/ComfyUI-TRELLIS2
[04:02]   [ComfyUI]    0.2 seconds: /workspaces/TRELLIS2-2029/ComfyUI/custom_nodes/ComfyUI-GeometryPack
[04:02]   [ComfyUI] 
[04:09]   [ComfyUI] WARNING: You need pytorch with cu130 or higher to use optimized CUDA operations.
[04:09]   [ComfyUI] Found comfy_kitchen backend cuda: {'available': True, 'disabled': True, 'unavailable_reason': None, 'capabilities': ['apply_rope', 'apply_rope1', 'dequantize_nvfp4', 'dequantize_per_tensor_fp8', 'quantize_mxfp8', 'quantize_nvfp4', 'quantize_per_tensor_fp8']}
[04:09]   [ComfyUI] Found comfy_kitchen backend triton: {'available': True, 'disabled': True, 'unavailable_reason': None, 'capabilities': ['apply_rope', 'apply_rope1', 'dequantize_nvfp4', 'dequantize_per_tensor_fp8', 'quantize_mxfp8', 'quantize_nvfp4', 'quantize_per_tensor_fp8']}
[04:09]   [ComfyUI] Found comfy_kitchen backend eager: {'available': True, 'disabled': False, 'unavailable_reason': None, 'capabilities': ['apply_rope', 'apply_rope1', 'dequantize_mxfp8', 'dequantize_nvfp4', 'dequantize_per_tensor_fp8', 'quantize_mxfp8', 'quantize_nvfp4', 'quantize_per_tensor_fp8', 'scaled_mm_mxfp8', 'scaled_mm_nvfp4']}
[04:09]   [ComfyUI] Checkpoint files will always be loaded safely.
[04:09]   [ComfyUI] Total VRAM 24124 MB, total RAM 31924 MB
[04:09]   [ComfyUI] pytorch version: 2.11.0+cu128
[04:09]   [ComfyUI] Set vram state to: NORMAL_VRAM
[04:09]   [ComfyUI] Device: cuda:0 NVIDIA GeForce RTX 3090 : cudaMallocAsync
[04:09]   [ComfyUI] Using async weight offloading with 2 streams
[04:09]   [ComfyUI] Enabled pinned memory 28731.0
[04:10]   [ComfyUI] Using pytorch attention
[04:15]   [ComfyUI] aimdo: /project/src-posix/cuda-funchooks.c:52:DEBUG:aimdo_setup_hooks: hooks successfully installed
[04:15]   [ComfyUI] aimdo: /project/src/control.c:151:INFO:comfy-aimdo inited for GPU: NVIDIA GeForce RTX 3090 (VRAM: 24124 MB)
[04:15]   [ComfyUI] DynamicVRAM support detected and enabled
[04:15]   [ComfyUI] Python version: 3.10.20 (main, May  8 2026, 18:32:33) [Clang 22.1.3 ]
[04:15]   [ComfyUI] ComfyUI version: 0.20.1
[04:15]   [ComfyUI] comfy-aimdo version: 0.3.0
[04:15]   [ComfyUI] comfy-kitchen version: 0.2.8
[04:15]   [ComfyUI] ****** User settings have been changed to be stored on the server instead of browser storage. ******
[04:15]   [ComfyUI] ****** For multi-user setups add the --multi-user CLI argument to enable multiple user profiles. ******
[04:15]   [ComfyUI] ComfyUI frontend version: 1.43.18
[04:15]   [ComfyUI] [Prompt Server] web root: /workspaces/TRELLIS2-2029/.venv/lib/python3.10/site-packages/comfyui_frontend_package/static
[04:15]   [ComfyUI] Asset seeder disabled
[04:18]   [ComfyUI] loading...
[04:18]   [ComfyUI] calling register_nodes
[04:18]   [ComfyUI] [comfy-env] Version: 0.3.80
[04:18]   [ComfyUI] [comfy-env] register_nodes: ComfyUI-GeometryPack
[04:18]   [ComfyUI] [comfy-env] ComfyUI source dir: /workspaces/TRELLIS2-2029/ComfyUI
[04:18]   [ComfyUI] [comfy-env] Found 1 isolation env(s)
[04:18]   [ComfyUI] [comfy-env] Scanning nodes metadata (isolation root)...
[04:18]   [ComfyUI] [comfy-env] Metadata scan: /root/.pixi/bin/pixi run --as-is --manifest-path /workspaces/TRELLIS2-2029/ComfyUI/.ce/pixi.toml -e geometrypack-nodes python /tmp/comfy_meta_gjehjqp1.py /workspaces/TRELLIS2-2029/ComfyUI/custom_nodes/ComfyUI-GeometryPack nodes
[04:18]   [ComfyUI] [comfy-env] Scan env PATH for nodes:
[04:18]   [ComfyUI] [comfy-env]   [0] /root/.local/bin
[04:18]   [ComfyUI] [comfy-env]   [1] /usr/local/nvidia/bin
[04:18]   [ComfyUI] [comfy-env]   [2] /usr/local/cuda/bin
[04:18]   [ComfyUI] [comfy-env]   [3] /usr/local/sbin
[04:18]   [ComfyUI] [comfy-env]   [4] /usr/local/bin
[04:18]   [ComfyUI] [comfy-env]   [5] /usr/sbin
[04:18]   [ComfyUI] [comfy-env]   [6] /usr/bin
[04:18]   [ComfyUI] [comfy-env]   [7] /sbin
[04:18]   [ComfyUI] [comfy-env]   [8] /bin
[04:24]   [ComfyUI] [comfy-env] Metadata scan stderr for nodes:
[04:24]   [ComfyUI] [comfy-env]   [meta-scan] importing nodes from /workspaces/TRELLIS2-2029/ComfyUI/custom_nodes/ComfyUI-GeometryPack
[04:24]   [ComfyUI] [comfy-env]   ERROR:root:Failed to import comfy_kitchen, Error: No module named 'comfy_kitchen', fp8 and fp4 support will not be available.
[04:24]   [ComfyUI] [comfy-env]   [meta-scan] import OK
[04:24]   [ComfyUI] [comfy-env]   Traceback (most recent call last):
[04:24]   [ComfyUI] [comfy-env]     File "/workspaces/TRELLIS2-2029/ComfyUI/.ce/.pixi/envs/geometrypack-nodes/lib/python3.10/site-packages/bpy/3.6/scripts/modules/addon_utils.py", line 421, in disable
[04:24]   [ComfyUI] [comfy-env]       mod.unregister()
[04:24]   [ComfyUI] [comfy-env]   TypeError: '_OpNamespace' object is not callable
[04:24]   [ComfyUI] [comfy-env]   Traceback (most recent call last):
[04:24]   [ComfyUI] [comfy-env]     File "/workspaces/TRELLIS2-2029/ComfyUI/.ce/.pixi/envs/geometrypack-nodes/lib/python3.10/site-packages/bpy/3.6/scripts/modules/addon_utils.py", line 421, in disable
[04:24]   [ComfyUI] [comfy-env]       mod.unregister()
[04:24]   [ComfyUI] [comfy-env]   TypeError: '_ClassNamespace' object is not callable
[04:24]   [ComfyUI] [comfy-env] Scanned nodes: 125 nodes (6.0s)
[04:24]   [ComfyUI] [comfy-env] Scanned nodes root: 125 nodes (6.0s)
[04:24]   [ComfyUI] [comfy-env] Imported nodes root: 125 nodes (isolation)
[04:24]   [ComfyUI] [comfy-env] Registered 125 total nodes
[04:24]   [ComfyUI] Linked comfy/sparse.py -> /workspaces/TRELLIS2-2029/.venv/lib/python3.10/site-packages/comfy_sparse_attn/sparse.py
[04:24]   [ComfyUI] Linked comfy/ops_sparse.py -> /workspaces/TRELLIS2-2029/.venv/lib/python3.10/site-packages/comfy_sparse_attn/ops_sparse.py
[04:24]   [ComfyUI] Linked comfy/attention_sparse.py -> /workspaces/TRELLIS2-2029/.venv/lib/python3.10/site-packages/comfy_sparse_attn/attention_sparse.py
[04:24]   [ComfyUI] loading...
[04:24]   [ComfyUI] calling register_nodes
[04:24]   [ComfyUI] registered TRELLIS2 model configs with ComfyUI
[04:24]   [ComfyUI] [comfy-env] Version: 0.3.80
[04:24]   [ComfyUI] [comfy-env] register_nodes: ComfyUI-TRELLIS2
[04:24]   [ComfyUI] [comfy-env] ComfyUI source dir: /workspaces/TRELLIS2-2029/ComfyUI
[04:24]   [ComfyUI] [comfy-env] Found 1 isolation env(s)
[04:24]   [ComfyUI] [comfy-env] Scanning nodes metadata (isolation root)...
[04:24]   [ComfyUI] [comfy-env] Metadata scan: /root/.pixi/bin/pixi run --as-is --manifest-path /workspaces/TRELLIS2-2029/ComfyUI/.ce/pixi.toml -e trellis2-nodes python /tmp/comfy_meta_j_wz8vnu.py /workspaces/TRELLIS2-2029/ComfyUI/custom_nodes/ComfyUI-TRELLIS2 nodes
[04:24]   [ComfyUI] [comfy-env] Scan env PATH for nodes:
[04:24]   [ComfyUI] [comfy-env]   [0] /root/.local/bin
[04:24]   [ComfyUI] [comfy-env]   [1] /usr/local/nvidia/bin
[04:24]   [ComfyUI] [comfy-env]   [2] /usr/local/cuda/bin
[04:24]   [ComfyUI] [comfy-env]   [3] /usr/local/sbin
[04:24]   [ComfyUI] [comfy-env]   [4] /usr/local/bin
[04:24]   [ComfyUI] [comfy-env]   [5] /usr/sbin
[04:24]   [ComfyUI] [comfy-env]   [6] /usr/bin
[04:24]   [ComfyUI] [comfy-env]   [7] /sbin
[04:24]   [ComfyUI] [comfy-env]   [8] /bin
[04:27]   [ComfyUI] [comfy-env] Metadata scan stderr for nodes:
[04:27]   [ComfyUI] [comfy-env]   [meta-scan] importing nodes from /workspaces/TRELLIS2-2029/ComfyUI/custom_nodes/ComfyUI-TRELLIS2
[04:27]   [ComfyUI] [comfy-env]   Traceback (most recent call last):
[04:27]   [ComfyUI] [comfy-env]     File "/tmp/comfy_meta_j_wz8vnu.py", line 65, in <module>
[04:27]   [ComfyUI] [comfy-env]       module = importlib.import_module(package_name)
[04:27]   [ComfyUI] [comfy-env]     File "/workspaces/TRELLIS2-2029/ComfyUI/.ce/.pixi/envs/trellis2-nodes/lib/python3.10/importlib/__init__.py", line 126, in import_module
[04:27]   [ComfyUI] [comfy-env]       return _bootstrap._gcd_import(name[level:], package, level)
[04:27]   [ComfyUI] [comfy-env]     File "<frozen importlib._bootstrap>", line 1050, in _gcd_import
[04:27]   [ComfyUI] [comfy-env]     File "<frozen importlib._bootstrap>", line 1027, in _find_and_load
[04:27]   [ComfyUI] [comfy-env]     File "<frozen importlib._bootstrap>", line 1006, in _find_and_load_unlocked
[04:27]   [ComfyUI] [comfy-env]     File "<frozen importlib._bootstrap>", line 688, in _load_unlocked
[04:27]   [ComfyUI] [comfy-env]     File "<frozen importlib._bootstrap_external>", line 883, in exec_module
[04:27]   [ComfyUI] [comfy-env]     File "<frozen importlib._bootstrap>", line 241, in _call_with_frames_removed
[04:27]   [ComfyUI] [comfy-env]     File "/workspaces/TRELLIS2-2029/ComfyUI/custom_nodes/ComfyUI-TRELLIS2/nodes/__init__.py", line 16, in <module>
[04:27]   [ComfyUI] [comfy-env]       from .nodes_loader import NODE_CLASS_MAPPINGS as loader_mappings
[04:27]   [ComfyUI] [comfy-env]     File "/workspaces/TRELLIS2-2029/ComfyUI/custom_nodes/ComfyUI-TRELLIS2/nodes/nodes_loader.py", line 10, in <module>
[04:27]   [ComfyUI] [comfy-env]       import comfy.model_management as mm
[04:27]   [ComfyUI] [comfy-env]     File "/workspaces/TRELLIS2-2029/ComfyUI/comfy/model_management.py", line 19, in <module>
[04:27]   [ComfyUI] [comfy-env]       import psutil
[04:27]   [ComfyUI] [comfy-env]   ModuleNotFoundError: No module named 'psutil'
[04:27]   [ComfyUI] [comfy-env] Metadata scan failed for nodes (exit 1, 3.3s):
[04:27]   [ComfyUI] [comfy-env]     File "<frozen importlib._bootstrap>", line 688, in _load_unlocked
[04:27]   [ComfyUI] [comfy-env]     File "<frozen importlib._bootstrap_external>", line 883, in exec_module
[04:27]   [ComfyUI] [comfy-env]     File "<frozen importlib._bootstrap>", line 241, in _call_with_frames_removed
[04:27]   [ComfyUI] [comfy-env]     File "/workspaces/TRELLIS2-2029/ComfyUI/custom_nodes/ComfyUI-TRELLIS2/nodes/__init__.py", line 16, in <module>
[04:27]   [ComfyUI] [comfy-env]       from .nodes_loader import NODE_CLASS_MAPPINGS as loader_mappings
[04:27]   [ComfyUI] [comfy-env]     File "/workspaces/TRELLIS2-2029/ComfyUI/custom_nodes/ComfyUI-TRELLIS2/nodes/nodes_loader.py", line 10, in <module>
[04:27]   [ComfyUI] [comfy-env]       import comfy.model_management as mm
[04:27]   [ComfyUI] [comfy-env]     File "/workspaces/TRELLIS2-2029/ComfyUI/comfy/model_management.py", line 19, in <module>
[04:27]   [ComfyUI] [comfy-env]       import psutil
[04:27]   [ComfyUI] [comfy-env]   ModuleNotFoundError: No module named 'psutil'
[04:27]   [ComfyUI] [comfy-env] Scanned nodes root: 0 nodes (3.3s)
[04:27]   [ComfyUI] [comfy-env] Imported nodes root: 0 nodes (isolation)
[04:27]   [ComfyUI] [comfy-env] Registered 0 total nodes
[04:27]   [ComfyUI] 
[04:27]   [ComfyUI] Import times for custom nodes:
[04:27]   [ComfyUI]    0.0 seconds: /workspaces/TRELLIS2-2029/ComfyUI/custom_nodes/ComfyUI-validate-endpoint
[04:27]   [ComfyUI]    0.0 seconds: /workspaces/TRELLIS2-2029/ComfyUI/custom_nodes/websocket_image_save.py
[04:27]   [ComfyUI]    3.4 seconds: /workspaces/TRELLIS2-2029/ComfyUI/custom_nodes/ComfyUI-TRELLIS2
[04:27]   [ComfyUI]    6.2 seconds: /workspaces/TRELLIS2-2029/ComfyUI/custom_nodes/ComfyUI-GeometryPack
[04:27]   [ComfyUI] 
[04:27]   [ComfyUI] Context impl SQLiteImpl.
[04:27]   [ComfyUI] Will assume non-transactional DDL.
[04:27]   [ComfyUI] Context impl SQLiteImpl.
[04:28]   [ComfyUI] Will assume non-transactional DDL.
[04:28]   [ComfyUI] Running upgrade  -> 0001_assets, Initial assets schema
[04:28]   [ComfyUI] Revision ID: 0001_assets
[04:28]   [ComfyUI] Revises: None
[04:28]   [ComfyUI] Create Date: 2025-12-10 00:00:00
[04:28]   [ComfyUI] Running upgrade 0001_assets -> 0002_merge_to_asset_references, Merge AssetInfo and AssetCacheState into unified asset_references table.
[04:28]   [ComfyUI] Running upgrade 0002_merge_to_asset_references -> 0003_add_metadata_job_id, Add system_metadata and job_id columns to asset_references.
[04:28]   [ComfyUI] Change preview_id FK from assets.id to asset_references.id.
[04:28]   [ComfyUI] Database upgraded from None to 0003_add_metadata_job_id
[04:28]   [ComfyUI] Starting server
[04:28]   [ComfyUI] 
[04:28]   [ComfyUI] To see the GUI go to: http://127.0.0.1:41880
[04:29] Server responding, waiting for nodes to load...
[04:49] Server is ready!
[04:49] GPU runner - will execute 8 workflow(s)
[04:49] Running 9 workflow(s) (all with videos)...
[04:49] Installing screenshot dependencies (playwright, pillow)...
[05:01]   Packages installed, downloading chromium browser...
[05:24]   Screenshot dependencies installed successfully
[05:24] Starting headless browser...
[05:25]   Installing Vulkan stack (apt)...
[05:25]   Vulkan install error: [Errno 2] No such file or directory: 'sudo'
[05:25]   GPU detected (no Vulkan) -- using ANGLE/OpenGL rendering
[05:25] Capturing execution frames: geometry_only_1024.json
[05:33]   Frame 1 saved (frame_000.jpg, t=0.0s)
[05:33]   Validating workflow...
[05:33]   Validation failed: graphToPrompt produced nodes without class_type: graphToPrompt: 8 nodes, missing class_type: [91,92,104,110], sample: {"inputs":{"image":"t_logo.png"},"class_type":"LoadImage","_meta":{"title":"Load Image"}}
[05:34] Capturing execution frames: geometry_only_1024_cascade.json
[05:41]   Frame 1 saved (frame_000.jpg, t=0.0s)
[05:41]   Validating workflow...
[05:41]   Validation failed: graphToPrompt produced nodes without class_type: graphToPrompt: 8 nodes, missing class_type: [91,92,104,110], sample: {"inputs":{"image":"t_logo.png"},"class_type":"LoadImage","_meta":{"title":"Load Image"}}
[05:41] Capturing execution frames: geometry_only_1536.json
[05:48]   Frame 1 saved (frame_000.jpg, t=0.0s)
[05:48]   Validating workflow...
[05:48]   Validation failed: graphToPrompt produced nodes without class_type: graphToPrompt: 8 nodes, missing class_type: [91,92,104,112], sample: {"inputs":{"image":"t_logo.png"},"class_type":"LoadImage","_meta":{"title":"Load Image"}}
[05:48] Capturing execution frames: geometry_only_512.json
[05:56]   Frame 1 saved (frame_000.jpg, t=0.0s)
[05:56]   Validating workflow...
[05:56]   Validation failed: graphToPrompt produced nodes without class_type: graphToPrompt: 8 nodes, missing class_type: [91,92,104,110], sample: {"inputs":{"image":"t_logo.png"},"class_type":"LoadImage","_meta":{"title":"Load Image"}}
[05:56] Capturing execution frames: geometry_texture.json
[06:04]   Frame 1 saved (frame_000.jpg, t=0.0s)
[06:04]   Validating workflow...
[06:04]   Validation failed: graphToPrompt produced nodes without class_type: graphToPrompt: 12 nodes, missing class_type: [68,69,82,83,86,97,98], sample: {"inputs":{"image":"cannon.webp"},"class_type":"LoadImage","_meta":{"title":"Load Image"}}
[06:04]   [6/9] SKIPPED (not in gpu list) mesh_audit.json
[06:04] Capturing execution frames: refinement.json
[06:12]   Frame 1 saved (frame_000.jpg, t=0.0s)
[06:12]   Validating workflow...
[06:12]   Validation failed: graphToPrompt produced nodes without class_type: graphToPrompt: 8 nodes, missing class_type: [1,4,11,21], sample: {"inputs":{"UNKNOWN":"auto"},"_meta":{}}
[06:13] Capturing execution frames: remove_background.json
[06:20]   Frame 1 saved (frame_000.jpg, t=0.0s)
[06:20]   Validating workflow...
[06:20]   Validation failed: graphToPrompt produced nodes without class_type: graphToPrompt: 10 nodes, missing class_type: [69,76,77,81,91,96,97], sample: {"inputs":{"image":"bike.webp"},"class_type":"LoadImage","_meta":{"title":"Load Image"}}
[06:20] Capturing execution frames: standalone_texturing.json
[06:28]   Frame 1 saved (frame_000.jpg, t=0.0s)
[06:28]   Validating workflow...
[06:28]   Validation failed: graphToPrompt produced nodes without class_type: graphToPrompt: 14 nodes, missing class_type: [1,4,12,23,25,35], sample: {"inputs":{"UNKNOWN":"auto"},"_meta":{}}
[06:28] Results saved to /logs/TRELLIS2-2029/dev/linux-gpu/results.json
[06:28] Saved: /logs/TRELLIS2-2029/dev/linux-gpu/index.html
[06:28] 
linux: FAILED
[06:28] Error: Workflow execution failed (8 error(s))
[06:28] Details: geometry_only_1024.json: Workflow validation failed

Details:
graphToPrompt produced nodes without class_type: graphToPrompt: 8 nodes, missing class_type: [91,92,104,110], sample: {"inputs":{"image":"t_logo.png"},"class_type":"LoadImage","_meta":{"title":"Load Image"}}
geometry_only_1024_cascade.json: Workflow validation failed

Details:
graphToPrompt produced nodes without class_type: graphToPrompt: 8 nodes, missing class_type: [91,92,104,110], sample: {"inputs":{"image":"t_logo.png"},"class_type":"LoadImage","_meta":{"title":"Load Image"}}
geometry_only_1536.json: Workflow validation failed

Details:
graphToPrompt produced nodes without class_type: graphToPrompt: 8 nodes, missing class_type: [91,92,104,112], sample: {"inputs":{"image":"t_logo.png"},"class_type":"LoadImage","_meta":{"title":"Load Image"}}
geometry_only_512.json: Workflow validation failed

Details:
graphToPrompt produced nodes without class_type: graphToPrompt: 8 nodes, missing class_type: [91,92,104,110], sample: {"inputs":{"image":"t_logo.png"},"class_type":"LoadImage","_meta":{"title":"Load Image"}}
geometry_texture.json: Workflow validation failed

Details:
graphToPrompt produced nodes without class_type: graphToPrompt: 12 nodes, missing class_type: [68,69,82,83,86,97,98], sample: {"inputs":{"image":"cannon.webp"},"class_type":"LoadImage","_meta":{"title":"Load Image"}}
refinement.json: Workflow validation failed

Details:
graphToPrompt produced nodes without class_type: graphToPrompt: 8 nodes, missing class_type: [1,4,11,21], sample: {"inputs":{"UNKNOWN":"auto"},"_meta":{}}
remove_background.json: Workflow validation failed

Details:
graphToPrompt produced nodes without class_type: graphToPrompt: 10 nodes, missing class_type: [69,76,77,81,91,96,97], sample: {"inputs":{"image":"bike.webp"},"class_type":"LoadImage","_meta":{"title":"Load Image"}}
standalone_texturing.json: Workflow validation failed

Details:
graphToPrompt produced nodes without class_type: graphToPrompt: 14 nodes, missing class_type: [1,4,12,23,25,35], sample: {"inputs":{"UNKNOWN":"auto"},"_meta":{}}
