Capturing execution frames: remove_background.json
  Frame 1 saved (frame_000.jpg, t=0.0s)
  Validating workflow...
  [ComfyUI] === /validate endpoint called ===
  [ComfyUI] === /validate endpoint called ===
  [ComfyUI] Received JSON with keys: ['prompt']
  [ComfyUI] Received JSON with keys: ['prompt']
  [ComfyUI] Prompt has 10 nodes
  [ComfyUI] Prompt has 10 nodes
  [ComfyUI]   Node 1: LoadImage
  [ComfyUI]   Node 1: LoadImage
  [ComfyUI]     Inputs: {"image": "bike.webp"}
  [ComfyUI]     Inputs: {"image": "bike.webp"}
  [ComfyUI]   Node 10: MaskPreview
  [ComfyUI]   Node 10: MaskPreview
  Queuing workflow for execution...
  [ComfyUI]     Inputs: {"mask": ["81", 1]}
  [ComfyUI]     Inputs: {"mask": ["81", 1]}
  [ComfyUI]   Node 69: Trellis2RemoveBackground
  [ComfyUI]   Node 69: Trellis2RemoveBackground
  [ComfyUI]     Inputs: {"low_vram": true, "image": ["1", 0]}
  [ComfyUI]     Inputs: {"low_vram": true, "image": ["1", 0]}
  [ComfyUI]   Node 76: LoadTrellis2Models
  [ComfyUI]   Node 76: LoadTrellis2Models
  [ComfyUI]     Inputs: {"resolution": "512", "precision": "auto", "attn_backend": "auto"}
  [ComfyUI]     Inputs: {"resolution": "512", "precision": "auto", "attn_backend": "auto"}
  [ComfyUI]   Node 77: Trellis2GetConditioning
  [ComfyUI]   Node 77: Trellis2GetConditioning
  [ComfyUI]     Inputs: {"background_color": "black", "model_config": ["76", 0], "image": ["81", 0], "mask": ["81", 1]}
  [ComfyUI]     Inputs: {"background_color": "black", "model_config": ["76", 0], "image": ["81", 0], "mask": ["81", 1]}
  [ComfyUI]   Node 81: Trellis2RemoveBackground
  [ComfyUI]   Node 81: Trellis2RemoveBackground
  [ComfyUI]     Inputs: {"low_vram": true, "image": ["1", 0]}
  [ComfyUI]     Inputs: {"low_vram": true, "image": ["1", 0]}
  [ComfyUI]   Node 91: Trellis2ImageToShape
  [ComfyUI]   Node 91: Trellis2ImageToShape
  [ComfyUI]     Inputs: {"seed": 613541713, "ss_guidance_strength": 6.5, "ss_guidance_rescale": 0.05, "ss_sampling_steps": 12, "shape_guidance_strength": 6.5, "shape_guidance_rescale": 0.05, "shape_sampling_steps": 12, "max_
  [ComfyUI]     Inputs: {"seed": 613541713, "ss_guidance_strength": 6.5, "ss_guidance_rescale": 0.05, "ss_sampling_steps": 12, "shape_guidance_strength": 6.5, "shape_guidance_rescale": 0.05, "shape_sampling_steps": 12, "max_
  [ComfyUI]   Node 94: GeomPackPreviewMeshVTK
  [ComfyUI]   Node 94: GeomPackPreviewMeshVTK
  [ComfyUI]     Inputs: {"mode": "fields", "preview_vtk": "{\"show_edges\":false,\"camera_state\":\"\",\"selected_field\":\"\",\"selected_channel\":\"magnitude\",\"selected_colormap\":\"erdc_rainbow_bright\"}", "trimesh": ["
  [ComfyUI]     Inputs: {"mode": "fields", "preview_vtk": "{\"show_edges\":false,\"camera_state\":\"\",\"selected_field\":\"\",\"selected_channel\":\"magnitude\",\"selected_colormap\":\"erdc_rainbow_bright\"}", "trimesh": ["
  [ComfyUI]   Node 96: Trellis2ShapeToTexturedMesh
  [ComfyUI]   Node 96: Trellis2ShapeToTexturedMesh
  [ComfyUI]     Inputs: {"seed": 1478027007, "tex_guidance_strength": 3, "tex_guidance_rescale": 0.2, "tex_sampling_steps": 12, "model_config": ["76", 0], "conditioning": ["77", 0], "shape_slat": ["91", 1], "subs": ["91", 2]
  [ComfyUI]     Inputs: {"seed": 1478027007, "tex_guidance_strength": 3, "tex_guidance_rescale": 0.2, "tex_sampling_steps": 12, "model_config": ["76", 0], "conditioning": ["77", 0], "shape_slat": ["91", 1], "subs": ["91", 2]
  [ComfyUI]   Node 97: Trellis2ProcessMesh
  [ComfyUI]   Node 97: Trellis2ProcessMesh
  [ComfyUI]     Inputs: {"remesh": "on", "remesh.remesh_band": 1, "remesh.remove_inner_faces": true, "target_face_count": 500000, "floater_threshold": 0.001, "weld_vertices": true, "weld_digits": 4, "chart_cone_angle": 90, "
  [ComfyUI]     Inputs: {"remesh": "on", "remesh.remesh_band": 1, "remesh.remove_inner_faces": true, "target_face_count": 500000, "floater_threshold": 0.001, "weld_vertices": true, "weld_digits": 4, "chart_cone_angle": 90, "
  [ComfyUI] Generated prompt_id: 3af795cf-654c-4a8f-9e66-28de29a70398
  [ComfyUI] Generated prompt_id: 3af795cf-654c-4a8f-9e66-28de29a70398
  [ComfyUI] Calling execution.validate_prompt()...
  [ComfyUI] Calling execution.validate_prompt()...
  [ComfyUI] Validation result: valid=True
  [ComfyUI] Validation result: valid=True
  [ComfyUI] === Validation PASSED ===
  [ComfyUI] === Validation PASSED ===
  [ComfyUI] got prompt
  [ComfyUI] got prompt
  [ComfyUI] [comfy-env] Running Trellis2RemoveBackground: low_vram: True, image: torch.float32 [1,2560,3840,3] cpu
  [ComfyUI] [comfy-env] Running Trellis2RemoveBackground: low_vram: True, image: torch.float32 [1,2560,3840,3] cpu
  [ComfyUI] [VRAM] Before Trellis2RemoveBackground: 394 / 7703 MB
  [ComfyUI] [VRAM] Before Trellis2RemoveBackground: 394 / 7703 MB
  [ComfyUI] [SubprocessWorker] call_method: nodes.nodes_inference.Trellis2RemoveBackground.EXECUTE_NORMALIZED
  [ComfyUI] [SubprocessWorker] call_method: nodes.nodes_inference.Trellis2RemoveBackground.EXECUTE_NORMALIZED
  [ComfyUI] [SubprocessWorker] acquired lock, ensuring started...
  [ComfyUI] [SubprocessWorker] acquired lock, ensuring started...
  [ComfyUI] [ComfyUI-TRELLIS2] Health check: ping (timeout=5.0s)...
  [ComfyUI] [ComfyUI-TRELLIS2] Health check: ping (timeout=5.0s)...
  [ComfyUI] [ComfyUI-TRELLIS2] Health check: ok
  [ComfyUI] [ComfyUI-TRELLIS2] Health check: ok
  [ComfyUI] [SubprocessWorker] worker started/confirmed
  [ComfyUI] [SubprocessWorker] worker started/confirmed
  [ComfyUI] [comfy-env] PRE-SERIALIZE 'image' shape: torch.Size([1, 2560, 3840, 3])
  [ComfyUI] [comfy-env] PRE-SERIALIZE 'image' shape: torch.Size([1, 2560, 3840, 3])
  [ComfyUI] [SubprocessWorker] serializing kwargs to shm...
  [ComfyUI] [SubprocessWorker] serializing kwargs to shm...
  [ComfyUI] [SubprocessWorker] created 0 shm blocks
  [ComfyUI] [SubprocessWorker] created 0 shm blocks
  [ComfyUI] [SubprocessWorker] sending request via socket...
  [ComfyUI] [SubprocessWorker] sending request via socket...
  [ComfyUI] [SubprocessWorker] call_id=37 sending call_method
  [ComfyUI] [SubprocessWorker] call_id=37 sending call_method
  [ComfyUI] [worker:ComfyUI-TRELLIS2] [comfy-env] _from_shm got dict with keys: ['__type__', 'strategy', 'parent_pid', 'fd', 'storage_size']
  [ComfyUI] [worker:ComfyUI-TRELLIS2] [comfy-env] _from_shm got dict with keys: ['__type__', 'strategy', 'parent_pid', 'fd', 'storage_size']
  [ComfyUI] [worker:ComfyUI-TRELLIS2] [comfy-env] DESERIALIZE TensorRef: tensor_size=[1, 2560, 3840, 3]
  [ComfyUI] [worker:ComfyUI-TRELLIS2] [comfy-env] DESERIALIZE TensorRef: tensor_size=[1, 2560, 3840, 3]
  [ComfyUI] [worker:ComfyUI-TRELLIS2] [comfy-env] DESERIALIZED tensor shape: torch.Size([1, 2560, 3840, 3])
  [ComfyUI] [worker:ComfyUI-TRELLIS2] [comfy-env] DESERIALIZED tensor shape: torch.Size([1, 2560, 3840, 3])
  [ComfyUI] [worker:ComfyUI-TRELLIS2] WARNING: No comfy kitchen, using old apply_rope functions.
  [ComfyUI] [worker:ComfyUI-TRELLIS2] WARNING: No comfy kitchen, using old apply_rope functions.
  Frame 2 saved (frame_001.jpg, t=2.4s)
  [capture-periodic] freeze=1ms shot=134ms unfreeze=6ms saved=True
  [ComfyUI] [transformers] A new version of the following files was downloaded from https://huggingface.co/ZhengPeng7/BiRefNet:
  [ComfyUI] [transformers] A new version of the following files was downloaded from https://huggingface.co/ZhengPeng7/BiRefNet:
  [ComfyUI] - BiRefNet_config.py
  [ComfyUI] - BiRefNet_config.py
  [ComfyUI] . Make sure to double-check they do not contain any added malicious code. To avoid downloading new versions of the code file, you can pin a revision.
  [ComfyUI] . Make sure to double-check they do not contain any added malicious code. To avoid downloading new versions of the code file, you can pin a revision.
  [ComfyUI] [transformers] Encountered exception while importing kornia: No module named 'kornia'
  [ComfyUI] [transformers] Encountered exception while importing kornia: No module named 'kornia'
  Frame 3 saved (frame_002.jpg, t=4.6s)
  [capture-periodic] freeze=1ms shot=133ms unfreeze=6ms saved=True
  [ComfyUI] [SubprocessWorker] got response: error
  [ComfyUI] [SubprocessWorker] got response: error
  [ComfyUI] !!! Exception during processing !!! This modeling file requires the following packages that were not found in your environment: kornia. Run `pip install kornia`
  [ComfyUI] !!! Exception during processing !!! This modeling file requires the following packages that were not found in your environment: kornia. Run `pip install kornia`
  [ComfyUI] 
  [ComfyUI] 
  [ComfyUI] Worker traceback:
  [ComfyUI] Worker traceback:
  [ComfyUI] Traceback (most recent call last):
  [ComfyUI] Traceback (most recent call last):
  [ComfyUI]   File "/tmp/comfyui_pvenv_epkzrbi6/persistent_worker.py", line 1762, in main
  [ComfyUI]   File "/tmp/comfyui_pvenv_epkzrbi6/persistent_worker.py", line 1762, in main
  [ComfyUI]     result = method(**inputs)
  [ComfyUI]     result = method(**inputs)
  [ComfyUI]              ^^^^^^^^^^^^^^^^
  [ComfyUI]              ^^^^^^^^^^^^^^^^
  [ComfyUI]   File "/workspaces/TRELLIS2-0030/ComfyUI/comfy_api/latest/_io.py", line 1833, in EXECUTE_NORMALIZED
  [ComfyUI]   File "/workspaces/TRELLIS2-0030/ComfyUI/comfy_api/latest/_io.py", line 1833, in EXECUTE_NORMALIZED
  [ComfyUI]     to_return = cls.execute(*args, **kwargs)
  [ComfyUI]     to_return = cls.execute(*args, **kwargs)
  [ComfyUI]                 ^^^^^^^^^^^^^^^^^^^^^^^^^^^^
  [ComfyUI]                 ^^^^^^^^^^^^^^^^^^^^^^^^^^^^
  [ComfyUI]   File "/workspaces/TRELLIS2-0030/ComfyUI/custom_nodes/ComfyUI-TRELLIS2/nodes/nodes_inference.py", line 275, in execute
  [ComfyUI]   File "/workspaces/TRELLIS2-0030/ComfyUI/custom_nodes/ComfyUI-TRELLIS2/nodes/nodes_inference.py", line 275, in execute
  [ComfyUI]     Trellis2RemoveBackground._model = rembg.BiRefNet(model_name="briaai/RMBG-2.0")
  [ComfyUI]     Trellis2RemoveBackground._model = rembg.BiRefNet(model_name="briaai/RMBG-2.0")
  [ComfyUI]                                       ^^^^^^^^^^^^^^^^^^^^^^^^^^^^^^^^^^^^^^^^^^^^
  [ComfyUI]                                       ^^^^^^^^^^^^^^^^^^^^^^^^^^^^^^^^^^^^^^^^^^^^
  [ComfyUI]   File "/workspaces/TRELLIS2-0030/ComfyUI/custom_nodes/ComfyUI-TRELLIS2/nodes/rembg/BiRefNet.py", line 53, in __init__
  [ComfyUI]   File "/workspaces/TRELLIS2-0030/ComfyUI/custom_nodes/ComfyUI-TRELLIS2/nodes/rembg/BiRefNet.py", line 53, in __init__
  [ComfyUI]     self.model = AutoModelForImageSegmentation.from_pretrained(
  [ComfyUI]     self.model = AutoModelForImageSegmentation.from_pretrained(
  [ComfyUI]                  ^^^^^^^^^^^^^^^^^^^^^^^^^^^^^^^^^^^^^^^^^^^^^^
  [ComfyUI]                  ^^^^^^^^^^^^^^^^^^^^^^^^^^^^^^^^^^^^^^^^^^^^^^
  [ComfyUI]   File "/root/.ce/.pixi/envs/trellis2-nodes/lib/python3.12/site-packages/transformers/models/auto/auto_factory.py", line 379, in from_pretrained
  [ComfyUI]   File "/root/.ce/.pixi/envs/trellis2-nodes/lib/python3.12/site-packages/transformers/models/auto/auto_factory.py", line 379, in from_pretrained
  [ComfyUI]     model_class = get_class_from_dynamic_module(
  [ComfyUI]     model_class = get_class_from_dynamic_module(
  [ComfyUI]                   ^^^^^^^^^^^^^^^^^^^^^^^^^^^^^^
  [ComfyUI]                   ^^^^^^^^^^^^^^^^^^^^^^^^^^^^^^
  [ComfyUI]   File "/root/.ce/.pixi/envs/trellis2-nodes/lib/python3.12/site-packages/transformers/dynamic_module_utils.py", line 616, in get_class_from_dynamic_module
  [ComfyUI]   File "/root/.ce/.pixi/envs/trellis2-nodes/lib/python3.12/site-packages/transformers/dynamic_module_utils.py", line 616, in get_class_from_dynamic_module
  [ComfyUI]     final_module = get_cached_module_file(
  [ComfyUI]     final_module = get_cached_module_file(
  [ComfyUI]                    ^^^^^^^^^^^^^^^^^^^^^^^
  [ComfyUI]                    ^^^^^^^^^^^^^^^^^^^^^^^
  [ComfyUI]   File "/root/.ce/.pixi/envs/trellis2-nodes/lib/python3.12/site-packages/transformers/dynamic_module_utils.py", line 445, in get_cached_module_file
  [ComfyUI]   File "/root/.ce/.pixi/envs/trellis2-nodes/lib/python3.12/site-packages/transformers/dynamic_module_utils.py", line 445, in get_cached_module_file
  [ComfyUI]     modules_needed = check_imports(resolved_module_file)
  [ComfyUI]     modules_needed = check_imports(resolved_module_file)
  [ComfyUI]                      ^^^^^^^^^^^^^^^^^^^^^^^^^^^^^^^^^^^
  [ComfyUI]                      ^^^^^^^^^^^^^^^^^^^^^^^^^^^^^^^^^^^
  [ComfyUI]   File "/root/.ce/.pixi/envs/trellis2-nodes/lib/python3.12/site-packages/transformers/dynamic_module_utils.py", line 258, in check_imports
  [ComfyUI]   File "/root/.ce/.pixi/envs/trellis2-nodes/lib/python3.12/site-packages/transformers/dynamic_module_utils.py", line 258, in check_imports
  [ComfyUI]     raise ImportError(
  [ComfyUI]     raise ImportError(
  [ComfyUI] ImportError: This modeling file requires the following packages that were not found in your environment: kornia. Run `pip install kornia`
  [ComfyUI] ImportError: This modeling file requires the following packages that were not found in your environment: kornia. Run `pip install kornia`
  [ComfyUI] 
  [ComfyUI] 
  [ComfyUI] Traceback (most recent call last):
  [ComfyUI] Traceback (most recent call last):
  [ComfyUI]   File "/workspaces/TRELLIS2-0030/ComfyUI/execution.py", line 535, in execute
  [ComfyUI]   File "/workspaces/TRELLIS2-0030/ComfyUI/execution.py", line 535, in execute
  [ComfyUI]     output_data, output_ui, has_subgraph, has_pending_tasks = await get_output_data(prompt_id, unique_id, obj, input_data_all, execution_block_cb=execution_block_cb, pre_execute_cb=pre_execute_cb, v3_data=v3_data)
  [ComfyUI]     output_data, output_ui, has_subgraph, has_pending_tasks = await get_output_data(prompt_id, unique_id, obj, input_data_all, execution_block_cb=execution_block_cb, pre_execute_cb=pre_execute_cb, v3_data=v3_data)
  [ComfyUI]                                                               ^^^^^^^^^^^^^^^^^^^^^^^^^^^^^^^^^^^^^^^^^^^^^^^^^^^^^^^^^^^^^^^^^^^^^^^^^^^^^^^^^^^^^^^^^^^^^^^^^^^^^^^^^^^^^^^^^^^^^^^^^^^^^^^^^^^^^^^^^^^^^^^^^^^^^^^
  [ComfyUI]                                                               ^^^^^^^^^^^^^^^^^^^^^^^^^^^^^^^^^^^^^^^^^^^^^^^^^^^^^^^^^^^^^^^^^^^^^^^^^^^^^^^^^^^^^^^^^^^^^^^^^^^^^^^^^^^^^^^^^^^^^^^^^^^^^^^^^^^^^^^^^^^^^^^^^^^^^^^
  [ComfyUI]   File "/workspaces/TRELLIS2-0030/ComfyUI/execution.py", line 335, in get_output_data
  [ComfyUI]   File "/workspaces/TRELLIS2-0030/ComfyUI/execution.py", line 335, in get_output_data
  [ComfyUI]     return_values = await _async_map_node_over_list(prompt_id, unique_id, obj, input_data_all, obj.FUNCTION, allow_interrupt=True, execution_block_cb=execution_block_cb, pre_execute_cb=pre_execute_cb, v3_data=v3_data)
  [ComfyUI]     return_values = await _async_map_node_over_list(prompt_id, unique_id, obj, input_data_all, obj.FUNCTION, allow_interrupt=True, execution_block_cb=execution_block_cb, pre_execute_cb=pre_execute_cb, v3_data=v3_data)
  [ComfyUI]                     ^^^^^^^^^^^^^^^^^^^^^^^^^^^^^^^^^^^^^^^^^^^^^^^^^^^^^^^^^^^^^^^^^^^^^^^^^^^^^^^^^^^^^^^^^^^^^^^^^^^^^^^^^^^^^^^^^^^^^^^^^^^^^^^^^^^^^^^^^^^^^^^^^^^^^^^^^^^^^^^^^^^^^^^^^^^^^^^^^^^^^^^^^^^^^^^^^^^^^
  [ComfyUI]                     ^^^^^^^^^^^^^^^^^^^^^^^^^^^^^^^^^^^^^^^^^^^^^^^^^^^^^^^^^^^^^^^^^^^^^^^^^^^^^^^^^^^^^^^^^^^^^^^^^^^^^^^^^^^^^^^^^^^^^^^^^^^^^^^^^^^^^^^^^^^^^^^^^^^^^^^^^^^^^^^^^^^^^^^^^^^^^^^^^^^^^^^^^^^^^^^^^^^^^
  [ComfyUI]   File "/workspaces/TRELLIS2-0030/ComfyUI/execution.py", line 309, in _async_map_node_over_list
  [ComfyUI]   File "/workspaces/TRELLIS2-0030/ComfyUI/execution.py", line 309, in _async_map_node_over_list
  [ComfyUI]     await process_inputs(input_dict, i)
  [ComfyUI]     await process_inputs(input_dict, i)
  [ComfyUI]   File "/workspaces/TRELLIS2-0030/ComfyUI/execution.py", line 297, in process_inputs
  [ComfyUI]   File "/workspaces/TRELLIS2-0030/ComfyUI/execution.py", line 297, in process_inputs
  [ComfyUI]     result = f(**inputs)
  [ComfyUI]     result = f(**inputs)
  [ComfyUI]              ^^^^^^^^^^^
  [ComfyUI]              ^^^^^^^^^^^
  [ComfyUI]   File "/workspaces/TRELLIS2-0030/.venv/lib/python3.12/site-packages/comfy_env/isolation/metadata.py", line 536, in proxy
  [ComfyUI]   File "/workspaces/TRELLIS2-0030/.venv/lib/python3.12/site-packages/comfy_env/isolation/metadata.py", line 536, in proxy
  [ComfyUI]     result = worker.call_method(
  [ComfyUI]     result = worker.call_method(
  [ComfyUI]              ^^^^^^^^^^^^^^^^^^^
  [ComfyUI]              ^^^^^^^^^^^^^^^^^^^
  [ComfyUI]   File "/workspaces/TRELLIS2-0030/.venv/lib/python3.12/site-packages/comfy_env/isolation/workers/subprocess.py", line 674, in call_method
  [ComfyUI]   File "/workspaces/TRELLIS2-0030/.venv/lib/python3.12/site-packages/comfy_env/isolation/workers/subprocess.py", line 674, in call_method
  [ComfyUI]     raise WorkerError(
  [ComfyUI]     raise WorkerError(
  [ComfyUI] comfy_env.isolation.workers.base.WorkerError: This modeling file requires the following packages that were not found in your environment: kornia. Run `pip install kornia`
  [ComfyUI] comfy_env.isolation.workers.base.WorkerError: This modeling file requires the following packages that were not found in your environment: kornia. Run `pip install kornia`
  [ComfyUI] 
  [ComfyUI] 
  [ComfyUI] Worker traceback:
  [ComfyUI] Worker traceback:
  [ComfyUI] Traceback (most recent call last):
  [ComfyUI] Traceback (most recent call last):
  [ComfyUI]   File "/tmp/comfyui_pvenv_epkzrbi6/persistent_worker.py", line 1762, in main
  [ComfyUI]   File "/tmp/comfyui_pvenv_epkzrbi6/persistent_worker.py", line 1762, in main
  [ComfyUI]     result = method(**inputs)
  [ComfyUI]     result = method(**inputs)
  [ComfyUI]              ^^^^^^^^^^^^^^^^
  [ComfyUI]              ^^^^^^^^^^^^^^^^
  [ComfyUI]   File "/workspaces/TRELLIS2-0030/ComfyUI/comfy_api/latest/_io.py", line 1833, in EXECUTE_NORMALIZED
  [ComfyUI]   File "/workspaces/TRELLIS2-0030/ComfyUI/comfy_api/latest/_io.py", line 1833, in EXECUTE_NORMALIZED
  [ComfyUI]     to_return = cls.execute(*args, **kwargs)
  [ComfyUI]     to_return = cls.execute(*args, **kwargs)
  [ComfyUI]                 ^^^^^^^^^^^^^^^^^^^^^^^^^^^^
  [ComfyUI]                 ^^^^^^^^^^^^^^^^^^^^^^^^^^^^
  [ComfyUI]   File "/workspaces/TRELLIS2-0030/ComfyUI/custom_nodes/ComfyUI-TRELLIS2/nodes/nodes_inference.py", line 275, in execute
  [ComfyUI]   File "/workspaces/TRELLIS2-0030/ComfyUI/custom_nodes/ComfyUI-TRELLIS2/nodes/nodes_inference.py", line 275, in execute
  [ComfyUI]     Trellis2RemoveBackground._model = rembg.BiRefNet(model_name="briaai/RMBG-2.0")
  [ComfyUI]     Trellis2RemoveBackground._model = rembg.BiRefNet(model_name="briaai/RMBG-2.0")
  [ComfyUI]                                       ^^^^^^^^^^^^^^^^^^^^^^^^^^^^^^^^^^^^^^^^^^^^
  [ComfyUI]                                       ^^^^^^^^^^^^^^^^^^^^^^^^^^^^^^^^^^^^^^^^^^^^
  [ComfyUI]   File "/workspaces/TRELLIS2-0030/ComfyUI/custom_nodes/ComfyUI-TRELLIS2/nodes/rembg/BiRefNet.py", line 53, in __init__
  [ComfyUI]   File "/workspaces/TRELLIS2-0030/ComfyUI/custom_nodes/ComfyUI-TRELLIS2/nodes/rembg/BiRefNet.py", line 53, in __init__
  [ComfyUI]     self.model = AutoModelForImageSegmentation.from_pretrained(
  [ComfyUI]     self.model = AutoModelForImageSegmentation.from_pretrained(
  [ComfyUI]                  ^^^^^^^^^^^^^^^^^^^^^^^^^^^^^^^^^^^^^^^^^^^^^^
  [ComfyUI]                  ^^^^^^^^^^^^^^^^^^^^^^^^^^^^^^^^^^^^^^^^^^^^^^
  [ComfyUI]   File "/root/.ce/.pixi/envs/trellis2-nodes/lib/python3.12/site-packages/transformers/models/auto/auto_factory.py", line 379, in from_pretrained
  [ComfyUI]   File "/root/.ce/.pixi/envs/trellis2-nodes/lib/python3.12/site-packages/transformers/models/auto/auto_factory.py", line 379, in from_pretrained
  [ComfyUI]     model_class = get_class_from_dynamic_module(
  [ComfyUI]     model_class = get_class_from_dynamic_module(
  [ComfyUI]                   ^^^^^^^^^^^^^^^^^^^^^^^^^^^^^^
  [ComfyUI]                   ^^^^^^^^^^^^^^^^^^^^^^^^^^^^^^
  [ComfyUI]   File "/root/.ce/.pixi/envs/trellis2-nodes/lib/python3.12/site-packages/transformers/dynamic_module_utils.py", line 616, in get_class_from_dynamic_module
  [ComfyUI]   File "/root/.ce/.pixi/envs/trellis2-nodes/lib/python3.12/site-packages/transformers/dynamic_module_utils.py", line 616, in get_class_from_dynamic_module
  [ComfyUI]     final_module = get_cached_module_file(
  [ComfyUI]     final_module = get_cached_module_file(
  [ComfyUI]                    ^^^^^^^^^^^^^^^^^^^^^^^
  [ComfyUI]                    ^^^^^^^^^^^^^^^^^^^^^^^
  [ComfyUI]   File "/root/.ce/.pixi/envs/trellis2-nodes/lib/python3.12/site-packages/transformers/dynamic_module_utils.py", line 445, in get_cached_module_file
  [ComfyUI]   File "/root/.ce/.pixi/envs/trellis2-nodes/lib/python3.12/site-packages/transformers/dynamic_module_utils.py", line 445, in get_cached_module_file
  [ComfyUI]     modules_needed = check_imports(resolved_module_file)
  [ComfyUI]     modules_needed = check_imports(resolved_module_file)
  [ComfyUI]                      ^^^^^^^^^^^^^^^^^^^^^^^^^^^^^^^^^^^
  [ComfyUI]                      ^^^^^^^^^^^^^^^^^^^^^^^^^^^^^^^^^^^
  [ComfyUI]   File "/root/.ce/.pixi/envs/trellis2-nodes/lib/python3.12/site-packages/transformers/dynamic_module_utils.py", line 258, in check_imports
  [ComfyUI]   File "/root/.ce/.pixi/envs/trellis2-nodes/lib/python3.12/site-packages/transformers/dynamic_module_utils.py", line 258, in check_imports
  [ComfyUI]     raise ImportError(
  [ComfyUI]     raise ImportError(
  [ComfyUI] ImportError: This modeling file requires the following packages that were not found in your environment: kornia. Run `pip install kornia`
  [ComfyUI] ImportError: This modeling file requires the following packages that were not found in your environment: kornia. Run `pip install kornia`
  [ComfyUI] 
  [ComfyUI] 
  [ComfyUI] 
  [ComfyUI] 
  [ComfyUI] Prompt executed in 4.70 seconds
  [ComfyUI] Prompt executed in 4.70 seconds
  Execution complete (t=5.2s)
  Execution error: {'prompt_id': '0747881b-ae8a-44d6-8c50-4f71847bb43f', 'node_id': '81', 'node_type': 'Trellis2RemoveBackground', 'executed': ['1'], 'exception_message': 'This modeling file requires the following packages that were not found in your environment: kornia. Run `pip install kornia`\n\nWorker traceback:\nTraceback (most recent call last):\n  File "/tmp/comfyui_pvenv_epkzrbi6/persistent_worker.py", line 1762, in main\n    result = method(**inputs)\n             ^^^^^^^^^^^^^^^^\n  File "/workspaces/TRELLIS2-0030/ComfyUI/comfy_api/latest/_io.py", line 1833, in EXECUTE_NORMALIZED\n    to_return = cls.execute(*args, **kwargs)\n                ^^^^^^^^^^^^^^^^^^^^^^^^^^^^\n  File "/workspaces/TRELLIS2-0030/ComfyUI/custom_nodes/ComfyUI-TRELLIS2/nodes/nodes_inference.py", line 275, in execute\n    Trellis2RemoveBackground._model = rembg.BiRefNet(model_name="briaai/RMBG-2.0")\n                                      ^^^^^^^^^^^^^^^^^^^^^^^^^^^^^^^^^^^^^^^^^^^^\n  File "/workspaces/TRELLIS2-0030/ComfyUI/custom_nodes/ComfyUI-TRELLIS2/nodes/rembg/BiRefNet.py", line 53, in __init__\n    self.model = AutoModelForImageSegmentation.from_pretrained(\n                 ^^^^^^^^^^^^^^^^^^^^^^^^^^^^^^^^^^^^^^^^^^^^^^\n  File "/root/.ce/.pixi/envs/trellis2-nodes/lib/python3.12/site-packages/transformers/models/auto/auto_factory.py", line 379, in from_pretrained\n    model_class = get_class_from_dynamic_module(\n                  ^^^^^^^^^^^^^^^^^^^^^^^^^^^^^^\n  File "/root/.ce/.pixi/envs/trellis2-nodes/lib/python3.12/site-packages/transformers/dynamic_module_utils.py", line 616, in get_class_from_dynamic_module\n    final_module = get_cached_module_file(\n                   ^^^^^^^^^^^^^^^^^^^^^^^\n  File "/root/.ce/.pixi/envs/trellis2-nodes/lib/python3.12/site-packages/transformers/dynamic_module_utils.py", line 445, in get_cached_module_file\n    modules_needed = check_imports(resolved_module_file)\n                     ^^^^^^^^^^^^^^^^^^^^^^^^^^^^^^^^^^^\n  File "/root/.ce/.pixi/envs/trellis2-nodes/lib/python3.12/site-packages/transformers/dynamic_module_utils.py", line 258, in check_imports\n    raise ImportError(\nImportError: This modeling file requires the following packages that were not found in your environment: kornia. Run `pip install kornia`\n\n', 'exception_type': 'comfy_env.isolation.workers.base.WorkerError', 'traceback': ['  File "/workspaces/TRELLIS2-0030/ComfyUI/execution.py", line 535, in execute\n    output_data, output_ui, has_subgraph, has_pending_tasks = await get_output_data(prompt_id, unique_id, obj, input_data_all, execution_block_cb=execution_block_cb, pre_execute_cb=pre_execute_cb, v3_data=v3_data)\n                                                              ^^^^^^^^^^^^^^^^^^^^^^^^^^^^^^^^^^^^^^^^^^^^^^^^^^^^^^^^^^^^^^^^^^^^^^^^^^^^^^^^^^^^^^^^^^^^^^^^^^^^^^^^^^^^^^^^^^^^^^^^^^^^^^^^^^^^^^^^^^^^^^^^^^^^^^^\n', '  File "/workspaces/TRELLIS2-0030/ComfyUI/execution.py", line 335, in get_output_data\n    return_values = await _async_map_node_over_list(prompt_id, unique_id, obj, input_data_all, obj.FUNCTION, allow_interrupt=True, execution_block_cb=execution_block_cb, pre_execute_cb=pre_execute_cb, v3_data=v3_data)\n                    ^^^^^^^^^^^^^^^^^^^^^^^^^^^^^^^^^^^^^^^^^^^^^^^^^^^^^^^^^^^^^^^^^^^^^^^^^^^^^^^^^^^^^^^^^^^^^^^^^^^^^^^^^^^^^^^^^^^^^^^^^^^^^^^^^^^^^^^^^^^^^^^^^^^^^^^^^^^^^^^^^^^^^^^^^^^^^^^^^^^^^^^^^^^^^^^^^^^^^\n', '  File "/workspaces/TRELLIS2-0030/ComfyUI/execution.py", line 309, in _async_map_node_over_list\n    await process_inputs(input_dict, i)\n', '  File "/workspaces/TRELLIS2-0030/ComfyUI/execution.py", line 297, in process_inputs\n    result = f(**inputs)\n             ^^^^^^^^^^^\n', '  File "/workspaces/TRELLIS2-0030/.venv/lib/python3.12/site-packages/comfy_env/isolation/metadata.py", line 536, in proxy\n    result = worker.call_method(\n             ^^^^^^^^^^^^^^^^^^^\n', '  File "/workspaces/TRELLIS2-0030/.venv/lib/python3.12/site-packages/comfy_env/isolation/workers/subprocess.py", line 674, in call_method\n    raise WorkerError(\n'], 'current_inputs': {'low_vram': [True], 'image': ['tensor([[[[0.3627, 0.3561, 0.2872],\n          [0.3627, 0.3561, 0.2872],\n          [0.3673, 0.3607, 0.2918],\n          ...,\n          [0.7461, 0.7164, 0.3795],\n          [0.7387, 0.7026, 0.3501],\n          [0.7327, 0.6934, 0.3332]],\n\n         [[0.3718, 0.3652, 0.2963],\n          [0.3718, 0.3652, 0.2963],\n          [0.3718, 0.3652, 0.2963],\n          ...,\n          [0.7324, 0.7044, 0.3570],\n          [0.7341, 0.6994, 0.3387],\n          [0.7327, 0.6946, 0.3272]],\n\n         [[0.3855, 0.3789, 0.3099],\n          [0.3855, 0.3789, 0.3099],\n          [0.3855, 0.3789, 0.3099],\n          ...,\n          [0.7370, 0.7124, 0.3438],\n          [0.7387, 0.7066, 0.3294],\n          [0.7418, 0.7060, 0.3245]],\n\n         ...,\n\n         [[0.6741, 0.5576, 0.5080],\n          [0.6786, 0.5622, 0.5125],\n          [0.6923, 0.5758, 0.5262],\n          ...,\n          [0.8146, 0.7248, 0.6751],\n          [0.8055, 0.7157, 0.6660],\n          [0.8009, 0.7112, 0.6614]],\n\n         [[0.6604, 0.5440, 0.4943],\n          [0.6695, 0.5531, 0.5034],\n          [0.6832, 0.5667, 0.5171],\n          ...,\n          [0.8055, 0.7157, 0.6660],\n          [0.7964, 0.7066, 0.6569],\n          [0.7918, 0.7021, 0.6523]],\n\n         [[0.6513, 0.5349, 0.4852],\n          [0.6604, 0.5440, 0.4943],\n          [0.6741, 0.5576, 0.5080],\n          ...,\n          [0.8009, 0.7112, 0.6614],\n          [0.7918, 0.7021, 0.6523],\n          [0.7827, 0.6930, 0.6432]]]])']}, 'current_outputs': ['97', '81', '77', '76', '10', '94', '69', '91', '1', '96'], 'timestamp': 1778461220961}
    Status: FAILED
    Error: Workflow execution failed: {'prompt_id': '0747881b-ae8a-44d6-8c50-4f71847bb43f', 'node_id': '81', 'node_type': 'Trellis2RemoveBackground', 'executed': ['1'], 'exception_message': 'This modeling file requires the following packages that were not found in your environment: kornia. Run `pip install kornia`\n\nWorker traceback:\nTraceback (most recent call last):\n  File "/tmp/comfyui_pvenv_epkzrbi6/persistent_worker.py", line 1762, in main\n    result = method(**inputs)\n             ^^^^^^^^^^^^^^^^\n  File "/workspaces/TRELLIS2-0030/ComfyUI/comfy_api/latest/_io.py", line 1833, in EXECUTE_NORMALIZED\n    to_return = cls.execute(*args, **kwargs)\n                ^^^^^^^^^^^^^^^^^^^^^^^^^^^^\n  File "/workspaces/TRELLIS2-0030/ComfyUI/custom_nodes/ComfyUI-TRELLIS2/nodes/nodes_inference.py", line 275, in execute\n    Trellis2RemoveBackground._model = rembg.BiRefNet(model_name="briaai/RMBG-2.0")\n                                      ^^^^^^^^^^^^^^^^^^^^^^^^^^^^^^^^^^^^^^^^^^^^\n  File "/workspaces/TRELLIS2-0030/ComfyUI/custom_nodes/ComfyUI-TRELLIS2/nodes/rembg/BiRefNet.py", line 53, in __init__\n    self.model = AutoModelForImageSegmentation.from_pretrained(\n                 ^^^^^^^^^^^^^^^^^^^^^^^^^^^^^^^^^^^^^^^^^^^^^^\n  File "/root/.ce/.pixi/envs/trellis2-nodes/lib/python3.12/site-packages/transformers/models/auto/auto_factory.py", line 379, in from_pretrained\n    model_class = get_class_from_dynamic_module(\n                  ^^^^^^^^^^^^^^^^^^^^^^^^^^^^^^\n  File "/root/.ce/.pixi/envs/trellis2-nodes/lib/python3.12/site-packages/transformers/dynamic_module_utils.py", line 616, in get_class_from_dynamic_module\n    final_module = get_cached_module_file(\n                   ^^^^^^^^^^^^^^^^^^^^^^^\n  File "/root/.ce/.pixi/envs/trellis2-nodes/lib/python3.12/site-packages/transformers/dynamic_module_utils.py", line 445, in get_cached_module_file\n    modules_needed = check_imports(resolved_module_file)\n                     ^^^^^^^^^^^^^^^^^^^^^^^^^^^^^^^^^^^\n  File "/root/.ce/.pixi/envs/trellis2-nodes/lib/python3.12/site-packages/transformers/dynamic_module_utils.py", line 258, in check_imports\n    raise ImportError(\nImportError: This modeling file requires the following packages that were not found in your environment: kornia. Run `pip install kornia`\n\n', 'exception_type': 'comfy_env.isolation.workers.base.WorkerError', 'traceback': ['  File "/workspaces/TRELLIS2-0030/ComfyUI/execution.py", line 535, in execute\n    output_data, output_ui, has_subgraph, has_pending_tasks = await get_output_data(prompt_id, unique_id, obj, input_data_all, execution_block_cb=execution_block_cb, pre_execute_cb=pre_execute_cb, v3_data=v3_data)\n                                                              ^^^^^^^^^^^^^^^^^^^^^^^^^^^^^^^^^^^^^^^^^^^^^^^^^^^^^^^^^^^^^^^^^^^^^^^^^^^^^^^^^^^^^^^^^^^^^^^^^^^^^^^^^^^^^^^^^^^^^^^^^^^^^^^^^^^^^^^^^^^^^^^^^^^^^^^\n', '  File "/workspaces/TRELLIS2-0030/ComfyUI/execution.py", line 335, in get_output_data\n    return_values = await _async_map_node_over_list(prompt_id, unique_id, obj, input_data_all, obj.FUNCTION, allow_interrupt=True, execution_block_cb=execution_block_cb, pre_execute_cb=pre_execute_cb, v3_data=v3_data)\n                    ^^^^^^^^^^^^^^^^^^^^^^^^^^^^^^^^^^^^^^^^^^^^^^^^^^^^^^^^^^^^^^^^^^^^^^^^^^^^^^^^^^^^^^^^^^^^^^^^^^^^^^^^^^^^^^^^^^^^^^^^^^^^^^^^^^^^^^^^^^^^^^^^^^^^^^^^^^^^^^^^^^^^^^^^^^^^^^^^^^^^^^^^^^^^^^^^^^^^^\n', '  File "/workspaces/TRELLIS2-0030/ComfyUI/execution.py", line 309, in _async_map_node_over_list\n    await process_inputs(input_dict, i)\n', '  File "/workspaces/TRELLIS2-0030/ComfyUI/execution.py", line 297, in process_inputs\n    result = f(**inputs)\n             ^^^^^^^^^^^\n', '  File "/workspaces/TRELLIS2-0030/.venv/lib/python3.12/site-packages/comfy_env/isolation/metadata.py", line 536, in proxy\n    result = worker.call_method(\n             ^^^^^^^^^^^^^^^^^^^\n', '  File "/workspaces/TRELLIS2-0030/.venv/lib/python3.12/site-packages/comfy_env/isolation/workers/subprocess.py", line 674, in call_method\n    raise WorkerError(\n'], 'current_inputs': {'low_vram': [True], 'image': ['tensor([[[[0.3627, 0.3561, 0.2872],\n          [0.3627, 0.3561, 0.2872],\n          [0.3673, 0.3607, 0.2918],\n          ...,\n          [0.7461, 0.7164, 0.3795],\n          [0.7387, 0.7026, 0.3501],\n          [0.7327, 0.6934, 0.3332]],\n\n         [[0.3718, 0.3652, 0.2963],\n          [0.3718, 0.3652, 0.2963],\n          [0.3718, 0.3652, 0.2963],\n          ...,\n          [0.7324, 0.7044, 0.3570],\n          [0.7341, 0.6994, 0.3387],\n          [0.7327, 0.6946, 0.3272]],\n\n         [[0.3855, 0.3789, 0.3099],\n          [0.3855, 0.3789, 0.3099],\n          [0.3855, 0.3789, 0.3099],\n          ...,\n          [0.7370, 0.7124, 0.3438],\n          [0.7387, 0.7066, 0.3294],\n          [0.7418, 0.7060, 0.3245]],\n\n         ...,\n\n         [[0.6741, 0.5576, 0.5080],\n          [0.6786, 0.5622, 0.5125],\n          [0.6923, 0.5758, 0.5262],\n          ...,\n          [0.8146, 0.7248, 0.6751],\n          [0.8055, 0.7157, 0.6660],\n          [0.8009, 0.7112, 0.6614]],\n\n         [[0.6604, 0.5440, 0.4943],\n          [0.6695, 0.5531, 0.5034],\n          [0.6832, 0.5667, 0.5171],\n          ...,\n          [0.8055, 0.7157, 0.6660],\n          [0.7964, 0.7066, 0.6569],\n          [0.7918, 0.7021, 0.6523]],\n\n         [[0.6513, 0.5349, 0.4852],\n          [0.6604, 0.5440, 0.4943],\n          [0.6741, 0.5576, 0.5080],\n          ...,\n          [0.8009, 0.7112, 0.6614],\n          [0.7918, 0.7021, 0.6523],\n          [0.7827, 0.6930, 0.6432]]]])']}, 'current_outputs': ['97', '81', '77', '76', '10', '94', '69', '91', '1', '96'], 'timestamp': 1778461220961}
    Details: Workflow: /node/ComfyUI-TRELLIS2/workflows/remove_background.json
Node error: Trellis2RemoveBackground